id|b|i|e|c|p|sn|a|d|t|iv|s|sc|ss|se|vc|ve|f
1|t|-42|\x5353483a3a4c4f47|21|123|10.0.0.0/24|1.2.3.4|3.14|1483728223.83267|100|\x6875727a|{2,4,1,3}|{"\\x27424227","\\x27414127","\\x27434327"}||{10,20,30}||\x535348546573743a3a666f6f0a7b200a6966202830203c20535348546573743a3a6929200a0972657475726e2028466f6f293b0a656c73650a0972657475726e2028426172293b0a0a7d
(1 row)
